                              - Cross-reference -                      Page    1

################################################################################
#                                                                              #
#      IAR Universal Linker V5.3.2.26                                          #
#                                                                              #
#           Link time     =  30/Mar/2014  13:12:17                             #
#           Target CPU    =  A90                                               #
#           List file     =  C:\STK526-series2-0\demo\STK526-series2-hidio\iar #
#                            \Debug\List\STK526-series2-hidio.map              #
#           Output file 1 =  C:\STK526-series2-0\demo\STK526-series2-hidio\iar #
#                            \Debug\Exe\STK526-series2-hidio.a90               #
#                            Format: intel-extended                            #
#           Output file 2 =  C:\STK526-series2-0\demo\STK526-series2-hidio\iar #
#                            \Debug\Exe\STK526-series2-hidio.dbg               #
#                            Format: ubrof8                                    #
#                            UBROF version 8.0.2                               #
#           Command line  =  C:\STK526-series2-0\demo\STK526-series2-hidio\iar #
#                            \Debug\Obj\hid_task.r90                           #
#                            C:\STK526-series2-0\demo\STK526-series2-hidio\iar #
#                            \Debug\Obj\main.r90                               #
#                            C:\STK526-series2-0\demo\STK526-series2-hidio\iar #
#                            \Debug\Obj\nRF24L01.r90                           #
#                            C:\STK526-series2-0\demo\STK526-series2-hidio\iar #
#                            \Debug\Obj\power_drv.r90                          #
#                            C:\STK526-series2-0\demo\STK526-series2-hidio\iar #
#                            \Debug\Obj\scheduler.r90                          #
#                            C:\STK526-series2-0\demo\STK526-series2-hidio\iar #
#                            \Debug\Obj\spi_driver.r90                         #
#                            C:\STK526-series2-0\demo\STK526-series2-hidio\iar #
#                            \Debug\Obj\start_boot.r90                         #
#                            C:\STK526-series2-0\demo\STK526-series2-hidio\iar #
#                            \Debug\Obj\usb_descriptors.r90                    #
#                            C:\STK526-series2-0\demo\STK526-series2-hidio\iar #
#                            \Debug\Obj\usb_device_task.r90                    #
#                            C:\STK526-series2-0\demo\STK526-series2-hidio\iar #
#                            \Debug\Obj\usb_drv.r90                            #
#                            C:\STK526-series2-0\demo\STK526-series2-hidio\iar #
#                            \Debug\Obj\usb_specific_request.r90               #
#                            C:\STK526-series2-0\demo\STK526-series2-hidio\iar #
#                            \Debug\Obj\usb_standard_request.r90               #
#                            C:\STK526-series2-0\demo\STK526-series2-hidio\iar #
#                            \Debug\Obj\usb_task.r90                           #
#                            C:\STK526-series2-0\demo\STK526-series2-hidio\iar #
#                            \Debug\Obj\wdt_drv.r90                            #
#                            -o                                                #
#                            C:\STK526-series2-0\demo\STK526-series2-hidio\iar #
#                            \Debug\Exe\STK526-series2-hidio.dbg               #
#                            -Fubrof8 -l                                       #
#                            C:\STK526-series2-0\demo\STK526-series2-hidio\iar #
#                            \Debug\List\STK526-series2-hidio.map              #
#                            -xmsni -p80                                       #
#                            "-IC:\Program Files (x86)\IAR Systems\Embedded Wo #
#                            rkbench 6.0\avr\LIB\"                             #
#                            -f                                                #
#                            "C:\Program Files (x86)\IAR Systems\Embedded Work #
#                            bench 6.0\avr\config\lnkusb162s.xcl"              #
#                            (-D_..X_INTVEC_SIZE=74 -D_..X_FLASH_TEND=FF       #
#                            -D_..X_FLASH_NEND=3FFF -D_..X_FLASH_END=3FFF      #
#                            -D_..X_SRAM_BASE=100 -D_..X_SRAM_TEND=100         #
#                            -D_..X_SRAM_END=2FF -D_..X_EEPROM_END=1FF         #
#                            -D_..X_CSTACK_SIZE=100 -D_..X_RSTACK_SIZE=40      #
#                            -D_..X_HEAP_SIZE=80 -D_..X_NEAR_HEAP_SIZE=80      #
#                            -ca90 -Z(CODE)INTVEC=0-(_..X_INTVEC_SIZE-1)       #
#                            -H1895 -h(CODE)0-_..X_INTVEC_SIZE                 #
#                            -Z(CODE)TINY_F=_..X_INTVEC_SIZE-_..X_FLASH_TEND   #
#                            -Z(CODE)NEAR_F,SWITCH,INITTAB,DIFUNCT=_..X_INTVEC #
#                            _SIZE-_..X_FLASH_END                              #
#                            -Z(CODE)CODE=_..X_INTVEC_SIZE-_..X_FLASH_END      #
#                            -Z(CODE)TINY_ID,NEAR_ID=_..X_INTVEC_SIZE-_..X_FLA #
#                            SH_END                                            #
#                            -Z(CODE)CHECKSUM#_..X_FLASH_END                   #
#                            -Z(DATA)TINY_I,TINY_Z,TINY_N=_..X_SRAM_BASE-_..X_ #
#                            SRAM_TEND                                         #
#                            -Z(DATA)NEAR_I,NEAR_Z,NEAR_N=_..X_SRAM_BASE-_..X_ #
#                            SRAM_END                                          #
#                            -Z(DATA)RSTACK+_..X_RSTACK_SIZE=_..X_SRAM_BASE-_. #
#                            .X_SRAM_END                                       #
#                            -Z(DATA)CSTACK+_..X_CSTACK_SIZE=_..X_SRAM_BASE-_. #
#                            .X_SRAM_END                                       #
                              - Cross-reference -                      Page    2

#                            -Z(DATA)HEAP+_..X_HEAP_SIZE=_..X_SRAM_BASE-_..X_S #
#                            RAM_END                                           #
#                            -Z(DATA)IOSTREAM_N#_..X_SRAM_BASE-_..X_SRAM_END   #
#                            -Z(DATA)NEAR_HEAP+_..X_NEAR_HEAP_SIZE=_..X_SRAM_B #
#                            ASE-_..X_SRAM_END                                 #
#                            -Z(XDATA)EEPROM_I,EEPROM_N=0-_..X_EEPROM_END      #
#                            -w29)                                             #
#                            -Ointel-extended=C:\STK526-series2-0\demo\STK526- #
#                            series2-hidio\iar\Debug\Exe\STK526-series2-hidio. #
#                            a90                                               #
#                            -s __program_start                                #
#                            "C:\Program Files (x86)\IAR Systems\Embedded Work #
#                            bench 6.0\avr\LIB\CLIB\cl3s-ec_nomul-sf.r90"      #
#                                                                              #
#                           Copyright (C) 1987-2012 IAR Systems AB.            #
################################################################################

                              - Cross-reference -                      Page    3



                ****************************************
                *                                      *
                *           CROSS REFERENCE            *
                *                                      *
                ****************************************

       Program entry at : CODE      00000000  Relocatable, from module : ?RESET




                ****************************************
                *                                      *
                *            RUNTIME MODEL             *
                *                                      *
                ****************************************

  __64bit_doubles = disabled
  __SystemLibrary = CLib
  __cpu           = 3
  __cpu_name      = AT90USB162
  __enhanced_core = enabled
  __has_elpm      = false
  __memory_model  = 2
  __rt_version    = 3
  __tiny_avr      = false

                ****************************************
                *                                      *
                *    AUTOMATIC SYMBOL REDIRECTIONS     *
                *                                      *
                ****************************************

                  There are no automatic symbol redirections.



                ****************************************
                *                                      *
                *              MODULE MAP              *
                *                                      *
                ****************************************


  DEFINED ABSOLUTE ENTRIES
  PROGRAM MODULE, NAME : ?ABS_ENTRY_MOD

Absolute parts
           ENTRY                   ADDRESS         REF BY
           =====                   =======         ======
           _..X_NEAR_HEAP_SIZE     00000080 
           _..X_HEAP_SIZE          00000080 
           _..X_RSTACK_SIZE        00000040 
           _..X_CSTACK_SIZE        00000100 
           _..X_EEPROM_END         000001FF 
           _..X_SRAM_END           000002FF 
           _..X_SRAM_TEND          00000100 
           _..X_SRAM_BASE          00000100 
           _..X_FLASH_END          00003FFF 
           _..X_FLASH_NEND         00003FFF 
           _..X_FLASH_TEND         000000FF 
           _..X_INTVEC_SIZE        00000074 
    *************************************************************************

  FILE NAME : C:\STK526-series2-0\demo\STK526-series2-hidio\iar\Debug\Obj\hid_task.r90
  PROGRAM MODULE, NAME : hid_task

  SEGMENTS IN THE MODULE
  ======================
ABSOLUTE
  Relative segment, address: DATA 000000E9 - 000000E9 (0x1 bytes), align: 0
  Segment part 1. ROOT.       Intra module refs:   ?Subroutine11 (usb_standard_request)
                                                   ?Subroutine4 (usb_specific_request)
                                                   SPI_Read_Array (spi_driver)
                                                   Segment part 20 (usb_drv)
                                                   hid_report_out
                              - Cross-reference -                      Page    4

                                                   usb_clear_feature (usb_standard_request)
                                                   usb_device_task (usb_device_task)
                                                   usb_init_device (usb_drv)
                                                   usb_set_feature (usb_standard_request)
                                                   usb_set_interface (usb_standard_request)
                                                   usb_user_endpoint_init (usb_specific_request)
                                                   usb_user_interface_reset (usb_specific_request)
           ENTRY                   ADDRESS         REF BY
           =====                   =======         ======
           _A_UENUM                000000E9 
           LOCAL                   ADDRESS         
           =====                   =======         
           UENUM                   000000E9 
    -------------------------------------------------------------------------
ABSOLUTE
  Relative segment, address: DATA 000000E8 - 000000E8 (0x1 bytes), align: 0
  Segment part 2. ROOT.       Intra module refs:   ?Subroutine13 (usb_standard_request)
                                                   ?Subroutine8 (usb_specific_request)
                                                   ?Subroutine8 (usb_standard_request)
                                                   SPI_Read_Array (spi_driver)
                                                   hid_get_hid_descriptor (usb_specific_request)
                                                   hid_get_report_descriptor (usb_specific_request)
                                                   hid_report_out
                                                   usb_clear_feature (usb_standard_request)
                                                   usb_device_task (usb_device_task)
                                                   usb_get_configuration (usb_standard_request)
                                                   usb_get_descriptor (usb_standard_request)
                                                   usb_get_interface (usb_standard_request)
                                                   usb_get_status (usb_standard_request)
                                                   usb_hid_get_idle (usb_specific_request)
                                                   usb_hid_set_idle (usb_specific_request)
                                                   usb_hid_set_report_feature (usb_specific_request)
                                                   usb_hid_set_report_ouput (usb_specific_request)
                                                   usb_process_request (usb_standard_request)
                                                   usb_set_address (usb_standard_request)
                                                   usb_set_configuration (usb_standard_request)
                                                   usb_set_feature (usb_standard_request)
                                                   usb_set_interface (usb_standard_request)
           ENTRY                   ADDRESS         REF BY
           =====                   =======         ======
           _A_UEINTX               000000E8 
           LOCAL                   ADDRESS         
           =====                   =======         
           UEINTX                  000000E8 
    -------------------------------------------------------------------------
ABSOLUTE
  Relative segment, address: DATA 000000E0 - 000000E0 (0x1 bytes), align: 0
  Segment part 3. ROOT.       Intra module refs:   hid_report_out
                                                   usb_start_device (usb_device_task)
           ENTRY                   ADDRESS         REF BY
           =====                   =======         ======
           _A_UDCON                000000E0 
           LOCAL                   ADDRESS         
           =====                   =======         
           UDCON                   000000E0 
    -------------------------------------------------------------------------
NEAR_Z
  Relative segment, address: DATA 0000010C - 0000010C (0x1 bytes), align: 0
  Segment part 10.            Intra module refs:   sof_action
           ENTRY                   ADDRESS         REF BY
           =====                   =======         ======
           cpt_sof                 0000010C 
    -------------------------------------------------------------------------
NEAR_Z
  Segment part 12. NOT NEEDED.
           ENTRY                   ADDRESS         REF BY
           =====                   =======         ======
           g_last_joy              
    -------------------------------------------------------------------------
CODE
  Relative segment, address: CODE 00000122 - 00000129 (0x8 bytes), align: 1
  Segment part 13.
           ENTRY                   ADDRESS         REF BY
           =====                   =======         ======
           hid_task_init           00000122        scheduler (scheduler)
               calls direct
               RSTACK = 00000000 ( 00000002 )
    -------------------------------------------------------------------------
                              - Cross-reference -                      Page    5

CODE
  Relative segment, address: CODE 0000012A - 00000135 (0xc bytes), align: 1
  Segment part 14.
           ENTRY                   ADDRESS         REF BY
           =====                   =======         ======
           hid_task                0000012A        ?Subroutine0 (scheduler)
               calls direct
               RSTACK = 00000000 ( 00000002 )
    -------------------------------------------------------------------------
CODE
  Relative segment, address: CODE 00000136 - 000001A1 (0x6c bytes), align: 1
  Segment part 15.            Intra module refs:   hid_task
           ENTRY                   ADDRESS         REF BY
           =====                   =======         ======
           hid_report_out          00000136 
               calls direct
               CSTACK = 00000000 ( 00000004 )
               RSTACK = 00000000 ( 00000002 )
    -------------------------------------------------------------------------
CODE
  Relative segment, address: CODE 000001A2 - 000001AB (0xa bytes), align: 1
  Segment part 16.            Intra module refs:   hid_report_out
           LOCAL                   ADDRESS         
           =====                   =======         
           ?Subroutine0            000001A2 
    -------------------------------------------------------------------------
CODE
  Segment part 17. NOT NEEDED.
           ENTRY                   ADDRESS         REF BY
           =====                   =======         ======
           hid_report_in           
    -------------------------------------------------------------------------
CODE
  Relative segment, address: CODE 000001AC - 000001B7 (0xc bytes), align: 1
  Segment part 18.
           ENTRY                   ADDRESS         REF BY
           =====                   =======         ======
           sof_action              000001AC        usb_general_interrupt (usb_task)
               RSTACK = 00000000 ( 00000002 )
    -------------------------------------------------------------------------
ABSOLUTE
  Relative segment, address: DATA 0000001F, align: 0
  Segment part 4. ROOT.
           ENTRY                   ADDRESS         REF BY
           =====                   =======         ======
           __?EECR                 0000001F 
    -------------------------------------------------------------------------
ABSOLUTE
  Relative segment, address: DATA 00000020, align: 0
  Segment part 5. ROOT.
           ENTRY                   ADDRESS         REF BY
           =====                   =======         ======
           __?EEDR                 00000020 
    -------------------------------------------------------------------------
ABSOLUTE
  Relative segment, address: DATA 00000021, align: 0
  Segment part 6. ROOT.
           ENTRY                   ADDRESS         REF BY
           =====                   =======         ======
           __?EEARL                00000021 
    -------------------------------------------------------------------------
ABSOLUTE
  Relative segment, address: DATA 00000022, align: 0
  Segment part 7. ROOT.
           ENTRY                   ADDRESS         REF BY
           =====                   =======         ======
           __?EEARH                00000022 
    -------------------------------------------------------------------------
CSTACK
  Segment part 8. NOT NEEDED.
    -------------------------------------------------------------------------
RSTACK
  Segment part 9. NOT NEEDED.
    -------------------------------------------------------------------------
INITTAB
  Relative segment, address: CODE 00000116 - 0000011B (0x6 bytes), align: 0
  Segment part 11.            Intra module refs:   PTX (nRF24L01)
                                                   Segment part 16 (usb_standard_request)
                              - Cross-reference -                      Page    6

                                                   Segment part 18 (usb_standard_request)
                                                   cpt_sof
                                                   delay_usb (usb_task)
                                                   g_u8_report_rate (usb_specific_request)
                                                   g_usb_event (usb_task)
                                                   jump_bootloader (usb_specific_request)
                                                   usb_configuration_nb (usb_standard_request)
                                                   usb_connected (usb_device_task)
                                                   usb_suspended (usb_device_task)
           ENTRY                   ADDRESS         REF BY
           =====                   =======         ======
           ?<Segment init: NEAR_Z>
                                   00000116 

    *************************************************************************

  FILE NAME : C:\STK526-series2-0\demo\STK526-series2-hidio\iar\Debug\Obj\main.r90
  PROGRAM MODULE, NAME : main

  SEGMENTS IN THE MODULE
  ======================
ABSOLUTE
  Relative segment, address: DATA 00000063 - 00000063 (0x1 bytes), align: 0
  Segment part 1. ROOT.       Intra module refs:   main
           ENTRY                   ADDRESS         REF BY
           =====                   =======         ======
           _A_REGCR                00000063 
           LOCAL                   ADDRESS         
           =====                   =======         
           REGCR                   00000063 
    -------------------------------------------------------------------------
CODE
  Relative segment, address: CODE 000001B8 - 000001D5 (0x1e bytes), align: 1
  Segment part 8.
           ENTRY                   ADDRESS         REF BY
           =====                   =======         ======
           main                    000001B8        ?cstartup_call_main (?C_STARTUP)
               calls direct
               RSTACK = 00000000 ( 00000002 )
    -------------------------------------------------------------------------
CODE
  Relative segment, address: CODE 000001D6 - 000001DB (0x6 bytes), align: 1
  Segment part 9.
           ENTRY                   ADDRESS         REF BY
           =====                   =======         ======
           __low_level_init        000001D6        ?call_low_level_init (?C_STARTUP)
               calls direct
               RSTACK = 00000000 ( 00000002 )
    -------------------------------------------------------------------------
CODE
  Relative segment, address: CODE 000001DC - 000001E1 (0x6 bytes), align: 1
  Segment part 10.            Intra module refs:   __low_level_init
                                                   main
           LOCAL                   ADDRESS         
           =====                   =======         
           ?Subroutine0            000001DC 
    -------------------------------------------------------------------------
ABSOLUTE
  Segment part 2. TENTATIVE. Used definition from hid_task
           ENTRY                   ADDRESS         REF BY
           =====                   =======         ======
           __?EECR                 
    -------------------------------------------------------------------------
ABSOLUTE
  Segment part 3. TENTATIVE. Used definition from hid_task
           ENTRY                   ADDRESS         REF BY
           =====                   =======         ======
           __?EEDR                 
    -------------------------------------------------------------------------
ABSOLUTE
  Segment part 4. TENTATIVE. Used definition from hid_task
           ENTRY                   ADDRESS         REF BY
           =====                   =======         ======
           __?EEARL                
    -------------------------------------------------------------------------
ABSOLUTE
  Segment part 5. TENTATIVE. Used definition from hid_task
           ENTRY                   ADDRESS         REF BY
                              - Cross-reference -                      Page    7

           =====                   =======         ======
           __?EEARH                
    -------------------------------------------------------------------------
CSTACK
  Segment part 6. NOT NEEDED.
    -------------------------------------------------------------------------
RSTACK
  Segment part 7. NOT NEEDED.

    *************************************************************************

  FILE NAME : C:\STK526-series2-0\demo\STK526-series2-hidio\iar\Debug\Obj\nRF24L01.r90
  PROGRAM MODULE, NAME : nRF24L01

  SEGMENTS IN THE MODULE
  ======================
ABSOLUTE
  Relative segment, address: DATA 0000006C - 0000006C (0x1 bytes), align: 0
  Segment part 1. ROOT.       Intra module refs:   nRF24L01_init
           ENTRY                   ADDRESS         REF BY
           =====                   =======         ======
           _A_PCMSK1               0000006C 
           LOCAL                   ADDRESS         
           =====                   =======         
           PCMSK1                  0000006C 
    -------------------------------------------------------------------------
ABSOLUTE
  Relative segment, address: DATA 00000068 - 00000068 (0x1 bytes), align: 0
  Segment part 2. ROOT.       Intra module refs:   nRF24L01_init
           ENTRY                   ADDRESS         REF BY
           =====                   =======         ======
           _A_PCICR                00000068 
           LOCAL                   ADDRESS         
           =====                   =======         
           PCICR                   00000068 
    -------------------------------------------------------------------------
ABSOLUTE
  Relative segment, address: DATA 0000004E - 0000004E (0x1 bytes), align: 0
  Segment part 3. ROOT.       Intra module refs:   SPI_Read_Array (spi_driver)
                                                   SPI_Send_Array (spi_driver)
                                                   SPI_Send_Read_Byte (spi_driver)
                                                   nRF24L01_write_register
           ENTRY                   ADDRESS         REF BY
           =====                   =======         ======
           _A_SPDR                 0000004E 
           LOCAL                   ADDRESS         
           =====                   =======         
           SPDR                    0000004E 
    -------------------------------------------------------------------------
ABSOLUTE
  Relative segment, address: DATA 0000004D - 0000004D (0x1 bytes), align: 0
  Segment part 4. ROOT.       Intra module refs:   SPI_Master_Init (spi_driver)
                                                   SPI_Read_Array (spi_driver)
                                                   SPI_Send_Array (spi_driver)
                                                   SPI_Send_Read_Byte (spi_driver)
                                                   nRF24L01_write_register
           ENTRY                   ADDRESS         REF BY
           =====                   =======         ======
           _A_SPSR                 0000004D 
           LOCAL                   ADDRESS         
           =====                   =======         
           SPSR                    0000004D 
    -------------------------------------------------------------------------
ABSOLUTE
  Relative segment, address: DATA 00000027 - 00000027 (0x1 bytes), align: 0
  Segment part 5. ROOT.       Intra module refs:   nRF24L01_init
           ENTRY                   ADDRESS         REF BY
           =====                   =======         ======
           _A_DDRC                 00000027 
           LOCAL                   ADDRESS         
           =====                   =======         
           DDRC                    00000027 
    -------------------------------------------------------------------------
ABSOLUTE
  Relative segment, address: DATA 00000025 - 00000025 (0x1 bytes), align: 0
  Segment part 6. ROOT.       Intra module refs:   SPI_Master_Init (spi_driver)
                                                   nRF24L01_config
                                                   nRF24L01_config_register
                              - Cross-reference -                      Page    8

                                                   nRF24L01_init
                                                   nRF24L01_read_data
                                                   nRF24L01_send_data
                                                   nRF24L01_write_register
           ENTRY                   ADDRESS         REF BY
           =====                   =======         ======
           _A_PORTB                00000025 
           LOCAL                   ADDRESS         
           =====                   =======         
           PORTB                   00000025 
    -------------------------------------------------------------------------
ABSOLUTE
  Relative segment, address: DATA 00000024 - 00000024 (0x1 bytes), align: 0
  Segment part 7. ROOT.       Intra module refs:   SPI_Master_Init (spi_driver)
                                                   nRF24L01_init
           ENTRY                   ADDRESS         REF BY
           =====                   =======         ======
           _A_DDRB                 00000024 
           LOCAL                   ADDRESS         
           =====                   =======         
           DDRB                    00000024 
    -------------------------------------------------------------------------
NEAR_Z
  Relative segment, address: DATA 0000010D - 0000010D (0x1 bytes), align: 0
  Segment part 18.            Intra module refs:   nRF24L01_config
           ENTRY                   ADDRESS         REF BY
           =====                   =======         ======
           PTX                     0000010D 
    -------------------------------------------------------------------------
CODE
  Relative segment, address: CODE 000001E2 - 000001F7 (0x16 bytes), align: 1
  Segment part 22.            Intra module refs:   nRF24L01_init
           ENTRY                   ADDRESS         REF BY
           =====                   =======         ======
           delay_ms                000001E2 
               RSTACK = 00000000 ( 00000002 )
    -------------------------------------------------------------------------
NEAR_I
  Relative segment, address: DATA 00000104 - 00000109 (0x6 bytes), align: 0
  Segment part 15.            Intra module refs:   nRF24L01_config
    -------------------------------------------------------------------------
NEAR_I
  Segment part 20. NOT NEEDED.
           ENTRY                   ADDRESS         REF BY
           =====                   =======         ======
           delay_one_usec          
    -------------------------------------------------------------------------
CODE
  Relative segment, address: CODE 000001F8 - 00000207 (0x10 bytes), align: 1
  Segment part 23.            Intra module refs:   nRF24L01_send_data
           ENTRY                   ADDRESS         REF BY
           =====                   =======         ======
           delay_us                000001F8 
               RSTACK = 00000000 ( 00000002 )
    -------------------------------------------------------------------------
CODE
  Relative segment, address: CODE 00000208 - 00000211 (0xa bytes), align: 1
  Segment part 24.            Intra module refs:   delay_ms
                                                   delay_us
           LOCAL                   ADDRESS         
           =====                   =======         
           ?Subroutine2            00000208 
    -------------------------------------------------------------------------
CODE
  Relative segment, address: CODE 00000212 - 00000237 (0x26 bytes), align: 1
  Segment part 25.
           ENTRY                   ADDRESS         REF BY
           =====                   =======         ======
           nRF24L01_init           00000212        hid_task_init (hid_task)
               calls direct
               RSTACK = 00000000 ( 00000002 )
    -------------------------------------------------------------------------
CODE
  Relative segment, address: CODE 00000238 - 00000265 (0x2e bytes), align: 1
  Segment part 26.
           ENTRY                   ADDRESS         REF BY
           =====                   =======         ======
           nRF24L01_config         00000238        hid_task_init (hid_task)
                              - Cross-reference -                      Page    9

               calls direct
               RSTACK = 00000000 ( 00000002 )
    -------------------------------------------------------------------------
CODE
  Relative segment, address: CODE 00000266 - 00000269 (0x4 bytes), align: 1
  Segment part 27.            Intra module refs:   nRF24L01_config
           LOCAL                   ADDRESS         
           =====                   =======         
           ?Subroutine5            00000266 
    -------------------------------------------------------------------------
CODE
  Relative segment, address: CODE 0000026A - 000002AD (0x44 bytes), align: 1
  Segment part 28.            Intra module refs:   PCINT1_vect_interrupt::??INTVEC 40
           ENTRY                   ADDRESS         REF BY
           =====                   =======         ======
           PCINT1_vect_interrupt   0000026A 
               interrupt function
               calls direct
               CSTACK = 00000000 ( 0000000F )
               RSTACK = 00000000 ( 00000002 )
    -------------------------------------------------------------------------
CODE
  Relative segment, address: CODE 000002AE - 000002BD (0x10 bytes), align: 1
  Segment part 29.            Intra module refs:   PCINT1_vect_interrupt
           ENTRY                   ADDRESS         REF BY
           =====                   =======         ======
           nRF24L01_read_data      000002AE 
               calls direct
               RSTACK = 00000000 ( 00000002 )
    -------------------------------------------------------------------------
CODE
  Relative segment, address: CODE 000002BE - 000002BF (0x2 bytes), align: 1
  Segment part 30.            Intra module refs:   nRF24L01_config
                                                   nRF24L01_read_data
                                                   nRF24L01_send_data
           LOCAL                   ADDRESS         
           =====                   =======         
           ?Subroutine6            000002BE 
    -------------------------------------------------------------------------
CODE
  Relative segment, address: CODE 000002C0 - 000002E1 (0x22 bytes), align: 1
  Segment part 31.
           ENTRY                   ADDRESS         REF BY
           =====                   =======         ======
           nRF24L01_send_data      000002C0        hid_report_out (hid_task)
               calls direct
               RSTACK = 00000000 ( 00000002 )
    -------------------------------------------------------------------------
CODE
  Segment part 32. NOT NEEDED.
           ENTRY                   ADDRESS         REF BY
           =====                   =======         ======
           nRF24L01_set_RADDR      
               calls direct
    -------------------------------------------------------------------------
CODE
  Relative segment, address: CODE 000002E2 - 000002E3 (0x2 bytes), align: 1
  Segment part 33.            Intra module refs:   nRF24L01_config
           LOCAL                   ADDRESS         
           =====                   =======         
           ?Subroutine3            000002E2 
    -------------------------------------------------------------------------
CODE
  Relative segment, address: CODE 000002E4 - 000002E5 (0x2 bytes), align: 1
  Segment part 34.            Intra module refs:   ?Subroutine3
           LOCAL                   ADDRESS         
           =====                   =======         
           ?Subroutine7            000002E4 
    -------------------------------------------------------------------------
CODE
  Segment part 35. NOT NEEDED.
           ENTRY                   ADDRESS         REF BY
           =====                   =======         ======
           nRF24L01_set_TADDR      
               calls direct
    -------------------------------------------------------------------------
CODE
  Segment part 36. NOT NEEDED.
                              - Cross-reference -                      Page   10

           ENTRY                   ADDRESS         REF BY
           =====                   =======         ======
           nRF24L01_data_ready     
               calls direct
    -------------------------------------------------------------------------
CODE
  Relative segment, address: CODE 000002E6 - 000002F5 (0x10 bytes), align: 1
  Segment part 37.            Intra module refs:   ?Subroutine6
           ENTRY                   ADDRESS         REF BY
           =====                   =======         ======
           nRF24L01_config_register
                                   000002E6 
               calls direct
               CSTACK = 00000000 ( 00000001 )
               RSTACK = 00000000 ( 00000002 )
    -------------------------------------------------------------------------
CODE
  Relative segment, address: CODE 000002F6 - 000002FB (0x6 bytes), align: 1
  Segment part 38.            Intra module refs:   nRF24L01_config_register
                                                   nRF24L01_write_register
           LOCAL                   ADDRESS         
           =====                   =======         
           ?Subroutine0            000002F6 
    -------------------------------------------------------------------------
CODE
  Relative segment, address: CODE 000002FC - 000002FF (0x4 bytes), align: 1
  Segment part 39.            Intra module refs:   ?Subroutine0
                                                   nRF24L01_config_register
                                                   nRF24L01_read_data
                                                   nRF24L01_send_data
    -------------------------------------------------------------------------
CODE
  Segment part 40. NOT NEEDED.
           ENTRY                   ADDRESS         REF BY
           =====                   =======         ======
           nRF24L01_read_register
                                   
               calls direct
    -------------------------------------------------------------------------
CODE
  Relative segment, address: CODE 00000300 - 00000307 (0x8 bytes), align: 1
  Segment part 41.            Intra module refs:   nRF24L01_write_register
           LOCAL                   ADDRESS         
           =====                   =======         
           ?Subroutine8            00000300 
    -------------------------------------------------------------------------
CODE
  Relative segment, address: CODE 00000308 - 00000323 (0x1c bytes), align: 1
  Segment part 42.            Intra module refs:   ?Subroutine7
                                                   nRF24L01_config
           ENTRY                   ADDRESS         REF BY
           =====                   =======         ======
           nRF24L01_write_register
                                   00000308 
               calls direct
               CSTACK = 00000000 ( 00000003 )
               RSTACK = 00000000 ( 00000002 )
    -------------------------------------------------------------------------
CODE
  Relative segment, address: CODE 00000324 - 0000032D (0xa bytes), align: 1
  Segment part 43.            Intra module refs:   nRF24L01_write_register
           LOCAL                   ADDRESS         
           =====                   =======         
           ?Subroutine4            00000324 
    -------------------------------------------------------------------------
ABSOLUTE
  Segment part 8. TENTATIVE. Used definition from hid_task
           ENTRY                   ADDRESS         REF BY
           =====                   =======         ======
           __?EECR                 
    -------------------------------------------------------------------------
ABSOLUTE
  Segment part 9. TENTATIVE. Used definition from hid_task
           ENTRY                   ADDRESS         REF BY
           =====                   =======         ======
           __?EEDR                 
    -------------------------------------------------------------------------
                              - Cross-reference -                      Page   11

ABSOLUTE
  Segment part 10. TENTATIVE. Used definition from hid_task
           ENTRY                   ADDRESS         REF BY
           =====                   =======         ======
           __?EEARL                
    -------------------------------------------------------------------------
ABSOLUTE
  Segment part 11. TENTATIVE. Used definition from hid_task
           ENTRY                   ADDRESS         REF BY
           =====                   =======         ======
           __?EEARH                
    -------------------------------------------------------------------------
INTVEC
  Common segment, address: CODE 00000000 - 0000002B (0x2c bytes), align: 1
  Segment part 12. ROOT.
           ENTRY                   ADDRESS         REF BY
           =====                   =======         ======
           PCINT1_vect_interrupt::??INTVEC 40
                                   00000028 
    -------------------------------------------------------------------------
CSTACK
  Segment part 13. NOT NEEDED.
    -------------------------------------------------------------------------
RSTACK
  Segment part 14. NOT NEEDED.
    -------------------------------------------------------------------------
NEAR_ID
  Relative segment, address: CODE 00000DFE - 00000E03 (0x6 bytes), align: 0
  Segment part 16.            Intra module refs:   Segment part 15
    -------------------------------------------------------------------------
INITTAB
  Relative segment, address: CODE 0000011C - 00000121 (0x6 bytes), align: 0
  Segment part 17.            Intra module refs:   Segment part 15
                                                   start_bootloader (start_boot)
           ENTRY                   ADDRESS         REF BY
           =====                   =======         ======
           ?<Segment init: NEAR_I>
                                   0000011C 
    -------------------------------------------------------------------------
INITTAB
  Segment part 19. TENTATIVE. Used definition from hid_task
           ENTRY                   ADDRESS         REF BY
           =====                   =======         ======
           ?<Segment init: NEAR_Z>
                                   
    -------------------------------------------------------------------------
NEAR_ID
  Segment part 21. NOT NEEDED.

    *************************************************************************

  FILE NAME : C:\STK526-series2-0\demo\STK526-series2-hidio\iar\Debug\Obj\power_drv.r90
  PROGRAM MODULE, NAME : power_drv

  SEGMENTS IN THE MODULE
  ======================
ABSOLUTE
  Relative segment, address: DATA 000000D2 - 000000D2 (0x1 bytes), align: 0
  Segment part 1. ROOT.
           ENTRY                   ADDRESS         REF BY
           =====                   =======         ======
           _A_CLKSTA               000000D2 
           LOCAL                   ADDRESS         
           =====                   =======         
           CLKSTA                  000000D2 
    -------------------------------------------------------------------------
ABSOLUTE
  Relative segment, address: DATA 000000D0 - 000000D0 (0x1 bytes), align: 0
  Segment part 2. ROOT.
           ENTRY                   ADDRESS         REF BY
           =====                   =======         ======
           _A_CLKSEL0              000000D0 
           LOCAL                   ADDRESS         
           =====                   =======         
           CLKSEL0                 000000D0 
    -------------------------------------------------------------------------
ABSOLUTE
  Relative segment, address: DATA 00000061 - 00000061 (0x1 bytes), align: 0
                              - Cross-reference -                      Page   12

  Segment part 3. ROOT.       Intra module refs:   Set_cpu_prescaler
           ENTRY                   ADDRESS         REF BY
           =====                   =======         ======
           _A_CLKPR                00000061 
           LOCAL                   ADDRESS         
           =====                   =======         
           CLKPR                   00000061 
    -------------------------------------------------------------------------
ABSOLUTE
  Relative segment, address: DATA 0000005F - 0000005F (0x1 bytes), align: 0
  Segment part 4. ROOT.       Intra module refs:   Set_cpu_prescaler
                                                   wdtdrv_disable (wdt_drv)
                                                   wdtdrv_enable (wdt_drv)
           ENTRY                   ADDRESS         REF BY
           =====                   =======         ======
           _A_SREG                 0000005F 
           LOCAL                   ADDRESS         
           =====                   =======         
           SREG                    0000005F 
    -------------------------------------------------------------------------
ABSOLUTE
  Relative segment, address: DATA 00000053 - 00000053 (0x1 bytes), align: 0
  Segment part 5. ROOT.
           ENTRY                   ADDRESS         REF BY
           =====                   =======         ======
           _A_SMCR                 00000053 
           LOCAL                   ADDRESS         
           =====                   =======         
           SMCR                    00000053 
    -------------------------------------------------------------------------
CODE
  Relative segment, address: CODE 0000032E - 00000345 (0x18 bytes), align: 1
  Segment part 12.
           ENTRY                   ADDRESS         REF BY
           =====                   =======         ======
           Set_cpu_prescaler       0000032E        ?Subroutine0 (main)
               RSTACK = 00000000 ( 00000002 )
    -------------------------------------------------------------------------
CODE
  Segment part 13. NOT NEEDED.
           ENTRY                   ADDRESS         REF BY
           =====                   =======         ======
           set_power_down_mode     
    -------------------------------------------------------------------------
CODE
  Segment part 14. NOT NEEDED.
           ENTRY                   ADDRESS         REF BY
           =====                   =======         ======
           set_idle_mode           
    -------------------------------------------------------------------------
CODE
  Segment part 15. NOT NEEDED.
           ENTRY                   ADDRESS         REF BY
           =====                   =======         ======
           set_adc_noise_reduction_mode
                                   
    -------------------------------------------------------------------------
CODE
  Segment part 16. NOT NEEDED.
           ENTRY                   ADDRESS         REF BY
           =====                   =======         ======
           set_power_save_mode     
    -------------------------------------------------------------------------
CODE
  Segment part 17. NOT NEEDED.
    -------------------------------------------------------------------------
CODE
  Segment part 18. NOT NEEDED.
           ENTRY                   ADDRESS         REF BY
           =====                   =======         ======
           set_standby_mode        
    -------------------------------------------------------------------------
CODE
  Segment part 19. NOT NEEDED.
           ENTRY                   ADDRESS         REF BY
           =====                   =======         ======
           set_ext_standby_mode    
    -------------------------------------------------------------------------
                              - Cross-reference -                      Page   13

CODE
  Segment part 20. NOT NEEDED.
           ENTRY                   ADDRESS         REF BY
           =====                   =======         ======
           Clock_switch_external   
    -------------------------------------------------------------------------
CODE
  Segment part 21. NOT NEEDED.
           ENTRY                   ADDRESS         REF BY
           =====                   =======         ======
           Clock_switch_internal   
    -------------------------------------------------------------------------
CODE
  Segment part 22. NOT NEEDED.
    -------------------------------------------------------------------------
CODE
  Segment part 23. NOT NEEDED.
    -------------------------------------------------------------------------
CODE
  Segment part 24. NOT NEEDED.
    -------------------------------------------------------------------------
ABSOLUTE
  Segment part 6. TENTATIVE. Used definition from hid_task
           ENTRY                   ADDRESS         REF BY
           =====                   =======         ======
           __?EECR                 
    -------------------------------------------------------------------------
ABSOLUTE
  Segment part 7. TENTATIVE. Used definition from hid_task
           ENTRY                   ADDRESS         REF BY
           =====                   =======         ======
           __?EEDR                 
    -------------------------------------------------------------------------
ABSOLUTE
  Segment part 8. TENTATIVE. Used definition from hid_task
           ENTRY                   ADDRESS         REF BY
           =====                   =======         ======
           __?EEARL                
    -------------------------------------------------------------------------
ABSOLUTE
  Segment part 9. TENTATIVE. Used definition from hid_task
           ENTRY                   ADDRESS         REF BY
           =====                   =======         ======
           __?EEARH                
    -------------------------------------------------------------------------
CSTACK
  Segment part 10. NOT NEEDED.
    -------------------------------------------------------------------------
RSTACK
  Segment part 11. NOT NEEDED.

    *************************************************************************

  FILE NAME : C:\STK526-series2-0\demo\STK526-series2-hidio\iar\Debug\Obj\scheduler.r90
  PROGRAM MODULE, NAME : scheduler

  SEGMENTS IN THE MODULE
  ======================
CODE
  Segment part 7. NOT NEEDED.
           ENTRY                   ADDRESS         REF BY
           =====                   =======         ======
           scheduler_init          
               calls direct
    -------------------------------------------------------------------------
CODE
  Segment part 8. NOT NEEDED.
           ENTRY                   ADDRESS         REF BY
           =====                   =======         ======
           scheduler_tasks         
               calls direct
    -------------------------------------------------------------------------
CODE
  Relative segment, address: CODE 00000346 - 00000351 (0xc bytes), align: 1
  Segment part 9.
           ENTRY                   ADDRESS         REF BY
           =====                   =======         ======
           scheduler               00000346        main (main)
                              - Cross-reference -                      Page   14

               calls direct
               RSTACK = 00000000 ( 00000002 )
    -------------------------------------------------------------------------
CODE
  Relative segment, address: CODE 00000352 - 00000359 (0x8 bytes), align: 1
  Segment part 10.            Intra module refs:   scheduler
           LOCAL                   ADDRESS         
           =====                   =======         
           ?Subroutine0            00000352 
    -------------------------------------------------------------------------
CODE
  Segment part 11. NOT NEEDED.
           ENTRY                   ADDRESS         REF BY
           =====                   =======         ======
           scheduler_empty_fct     
    -------------------------------------------------------------------------
ABSOLUTE
  Segment part 1. TENTATIVE. Used definition from hid_task
           ENTRY                   ADDRESS         REF BY
           =====                   =======         ======
           __?EECR                 
    -------------------------------------------------------------------------
ABSOLUTE
  Segment part 2. TENTATIVE. Used definition from hid_task
           ENTRY                   ADDRESS         REF BY
           =====                   =======         ======
           __?EEDR                 
    -------------------------------------------------------------------------
ABSOLUTE
  Segment part 3. TENTATIVE. Used definition from hid_task
           ENTRY                   ADDRESS         REF BY
           =====                   =======         ======
           __?EEARL                
    -------------------------------------------------------------------------
ABSOLUTE
  Segment part 4. TENTATIVE. Used definition from hid_task
           ENTRY                   ADDRESS         REF BY
           =====                   =======         ======
           __?EEARH                
    -------------------------------------------------------------------------
CSTACK
  Segment part 5. NOT NEEDED.
    -------------------------------------------------------------------------
RSTACK
  Segment part 6. NOT NEEDED.

    *************************************************************************

  FILE NAME : C:\STK526-series2-0\demo\STK526-series2-hidio\iar\Debug\Obj\spi_driver.r90
  PROGRAM MODULE, NAME : spi_driver

  SEGMENTS IN THE MODULE
  ======================
ABSOLUTE
  Relative segment, address: DATA 000000F1 - 000000F1 (0x1 bytes), align: 0
  Segment part 1. ROOT.       Intra module refs:   ?Subroutine10 (usb_standard_request)
                                                   ?Subroutine14 (usb_specific_request)
                                                   ?Subroutine2 (usb_standard_request)
                                                   ?Subroutine7 (usb_specific_request)
                                                   ?Subroutine7 (usb_standard_request)
                                                   ?Subroutine9 (usb_standard_request)
                                                   SPI_Read_Array
                                                   SPI_Send_Array
                                                   Segment part 36 (usb_standard_request)
                                                   hid_get_hid_descriptor (usb_specific_request)
                                                   hid_get_report_descriptor (usb_specific_request)
                                                   usb_clear_feature (usb_standard_request)
                                                   usb_get_configuration (usb_standard_request)
                                                   usb_get_descriptor (usb_standard_request)
                                                   usb_get_interface (usb_standard_request)
                                                   usb_get_status (usb_standard_request)
                                                   usb_hid_get_idle (usb_specific_request)
                                                   usb_hid_set_idle (usb_specific_request)
                                                   usb_hid_set_report_feature (usb_specific_request)
                                                   usb_process_request (usb_standard_request)
                                                   usb_set_address (usb_standard_request)
                                                   usb_set_configuration (usb_standard_request)
                                                   usb_set_feature (usb_standard_request)
                              - Cross-reference -                      Page   15

                                                   usb_set_interface (usb_standard_request)
                                                   usb_user_read_request (usb_specific_request)
           ENTRY                   ADDRESS         REF BY
           =====                   =======         ======
           _A_UEDATX               000000F1 
           LOCAL                   ADDRESS         
           =====                   =======         
           UEDATX                  000000F1 
    -------------------------------------------------------------------------
ABSOLUTE
  Segment part 2. TENTATIVE. Used definition from hid_task
           ENTRY                   ADDRESS         REF BY
           =====                   =======         ======
           _A_UENUM                
           LOCAL                   ADDRESS         
           =====                   =======         
           UENUM                   000000E9 
    -------------------------------------------------------------------------
ABSOLUTE
  Segment part 3. TENTATIVE. Used definition from hid_task
           ENTRY                   ADDRESS         REF BY
           =====                   =======         ======
           _A_UEINTX               
           LOCAL                   ADDRESS         
           =====                   =======         
           UEINTX                  000000E8 
    -------------------------------------------------------------------------
ABSOLUTE
  Segment part 4. TENTATIVE. Used definition from nRF24L01
           ENTRY                   ADDRESS         REF BY
           =====                   =======         ======
           _A_SPDR                 
           LOCAL                   ADDRESS         
           =====                   =======         
           SPDR                    0000004E 
    -------------------------------------------------------------------------
ABSOLUTE
  Segment part 5. TENTATIVE. Used definition from nRF24L01
           ENTRY                   ADDRESS         REF BY
           =====                   =======         ======
           _A_SPSR                 
           LOCAL                   ADDRESS         
           =====                   =======         
           SPSR                    0000004D 
    -------------------------------------------------------------------------
ABSOLUTE
  Relative segment, address: DATA 0000004C - 0000004C (0x1 bytes), align: 0
  Segment part 6. ROOT.       Intra module refs:   SPI_Master_Init
           ENTRY                   ADDRESS         REF BY
           =====                   =======         ======
           _A_SPCR                 0000004C 
           LOCAL                   ADDRESS         
           =====                   =======         
           SPCR                    0000004C 
    -------------------------------------------------------------------------
ABSOLUTE
  Segment part 7. TENTATIVE. Used definition from nRF24L01
           ENTRY                   ADDRESS         REF BY
           =====                   =======         ======
           _A_PORTB                
           LOCAL                   ADDRESS         
           =====                   =======         
           PORTB                   00000025 
    -------------------------------------------------------------------------
ABSOLUTE
  Segment part 8. TENTATIVE. Used definition from nRF24L01
           ENTRY                   ADDRESS         REF BY
           =====                   =======         ======
           _A_DDRB                 
           LOCAL                   ADDRESS         
           =====                   =======         
           DDRB                    00000024 
    -------------------------------------------------------------------------
CODE
  Segment part 15. NOT NEEDED.
           ENTRY                   ADDRESS         REF BY
           =====                   =======         ======
           SPI_Slave_Init          
                              - Cross-reference -                      Page   16

    -------------------------------------------------------------------------
CODE
  Relative segment, address: CODE 0000035A - 0000036D (0x14 bytes), align: 1
  Segment part 16.
           ENTRY                   ADDRESS         REF BY
           =====                   =======         ======
           SPI_Master_Init         0000035A        nRF24L01_init (nRF24L01)
               RSTACK = 00000000 ( 00000002 )
    -------------------------------------------------------------------------
CODE
  Relative segment, address: CODE 0000036E - 00000379 (0xc bytes), align: 1
  Segment part 17.
           ENTRY                   ADDRESS         REF BY
           =====                   =======         ======
           SPI_Send_Read_Byte      0000036E        Segment part 39 (nRF24L01)
               RSTACK = 00000000 ( 00000002 )
    -------------------------------------------------------------------------
CODE
  Relative segment, address: CODE 0000037A - 00000393 (0x1a bytes), align: 1
  Segment part 18.
           ENTRY                   ADDRESS         REF BY
           =====                   =======         ======
           SPI_Send_Array          0000037A        nRF24L01_send_data (nRF24L01)
               RSTACK = 00000000 ( 00000002 )
    -------------------------------------------------------------------------
CODE
  Relative segment, address: CODE 00000394 - 000003C9 (0x36 bytes), align: 1
  Segment part 19.
           ENTRY                   ADDRESS         REF BY
           =====                   =======         ======
           SPI_Read_Array          00000394        nRF24L01_read_data (nRF24L01)
               RSTACK = 00000000 ( 00000002 )
    -------------------------------------------------------------------------
ABSOLUTE
  Segment part 9. TENTATIVE. Used definition from hid_task
           ENTRY                   ADDRESS         REF BY
           =====                   =======         ======
           __?EECR                 
    -------------------------------------------------------------------------
ABSOLUTE
  Segment part 10. TENTATIVE. Used definition from hid_task
           ENTRY                   ADDRESS         REF BY
           =====                   =======         ======
           __?EEDR                 
    -------------------------------------------------------------------------
ABSOLUTE
  Segment part 11. TENTATIVE. Used definition from hid_task
           ENTRY                   ADDRESS         REF BY
           =====                   =======         ======
           __?EEARL                
    -------------------------------------------------------------------------
ABSOLUTE
  Segment part 12. TENTATIVE. Used definition from hid_task
           ENTRY                   ADDRESS         REF BY
           =====                   =======         ======
           __?EEARH                
    -------------------------------------------------------------------------
CSTACK
  Segment part 13. NOT NEEDED.
    -------------------------------------------------------------------------
RSTACK
  Segment part 14. NOT NEEDED.

    *************************************************************************

  FILE NAME : C:\STK526-series2-0\demo\STK526-series2-hidio\iar\Debug\Obj\start_boot.r90
  PROGRAM MODULE, NAME : start_boot

  SEGMENTS IN THE MODULE
  ======================
NEAR_I
  Relative segment, address: DATA 0000010A - 0000010B (0x2 bytes), align: 0
  Segment part 8.             Intra module refs:   ?Subroutine0
           ENTRY                   ADDRESS         REF BY
           =====                   =======         ======
           start_bootloader        0000010A 
    -------------------------------------------------------------------------
                              - Cross-reference -                      Page   17

ABSOLUTE
  Relative segment, address: DATA 00000100 - 00000103 (0x4 bytes), align: 0
  Segment part 1. ROOT.       Intra module refs:   start_boot
                                                   start_boot_if_required
           ENTRY                   ADDRESS         REF BY
           =====                   =======         ======
           boot_key                00000100 
    -------------------------------------------------------------------------
CODE
  Relative segment, address: CODE 000003CA - 000003E1 (0x18 bytes), align: 1
  Segment part 11.
           ENTRY                   ADDRESS         REF BY
           =====                   =======         ======
           start_boot              000003CA        hid_report_out (hid_task)
               calls direct
               RSTACK = 00000000 ( 00000002 )
    -------------------------------------------------------------------------
CODE
  Relative segment, address: CODE 000003E2 - 00000405 (0x24 bytes), align: 1
  Segment part 12.
           ENTRY                   ADDRESS         REF BY
           =====                   =======         ======
           start_boot_if_required
                                   000003E2        main (main)
               calls indirect
               CSTACK = 00000000 ( 00000002 )
               RSTACK = 00000000 ( 00000002 )
    -------------------------------------------------------------------------
CODE
  Relative segment, address: CODE 00000406 - 0000040B (0x6 bytes), align: 1
  Segment part 13.            Intra module refs:   start_boot_if_required
           LOCAL                   ADDRESS         
           =====                   =======         
           ?Subroutine1            00000406 
    -------------------------------------------------------------------------
CODE
  Segment part 14. NOT NEEDED.
           ENTRY                   ADDRESS         REF BY
           =====                   =======         ======
           goto_boot               
               calls indirect
    -------------------------------------------------------------------------
CODE
  Relative segment, address: CODE 0000040C - 00000415 (0xa bytes), align: 1
  Segment part 15.            Intra module refs:   start_boot_if_required
           LOCAL                   ADDRESS         
           =====                   =======         
           ?Subroutine0            0000040C 
    -------------------------------------------------------------------------
ABSOLUTE
  Segment part 2. TENTATIVE. Used definition from hid_task
           ENTRY                   ADDRESS         REF BY
           =====                   =======         ======
           __?EECR                 
    -------------------------------------------------------------------------
ABSOLUTE
  Segment part 3. TENTATIVE. Used definition from hid_task
           ENTRY                   ADDRESS         REF BY
           =====                   =======         ======
           __?EEDR                 
    -------------------------------------------------------------------------
ABSOLUTE
  Segment part 4. TENTATIVE. Used definition from hid_task
           ENTRY                   ADDRESS         REF BY
           =====                   =======         ======
           __?EEARL                
    -------------------------------------------------------------------------
ABSOLUTE
  Segment part 5. TENTATIVE. Used definition from hid_task
           ENTRY                   ADDRESS         REF BY
           =====                   =======         ======
           __?EEARH                
    -------------------------------------------------------------------------
CSTACK
  Segment part 6. NOT NEEDED.
    -------------------------------------------------------------------------
RSTACK
  Segment part 7. NOT NEEDED.
                              - Cross-reference -                      Page   18

    -------------------------------------------------------------------------
NEAR_ID
  Relative segment, address: CODE 00000E04 - 00000E05 (0x2 bytes), align: 0
  Segment part 9.             Intra module refs:   start_bootloader
    -------------------------------------------------------------------------
INITTAB
  Segment part 10. TENTATIVE. Used definition from nRF24L01
           ENTRY                   ADDRESS         REF BY
           =====                   =======         ======
           ?<Segment init: NEAR_I>
                                   

    *************************************************************************

  FILE NAME : C:\STK526-series2-0\demo\STK526-series2-hidio\iar\Debug\Obj\usb_descriptors.r90
  PROGRAM MODULE, NAME : usb_descriptors

  SEGMENTS IN THE MODULE
  ======================
NEAR_F
  Relative segment, address: CODE 00000074 - 00000085 (0x12 bytes), align: 0
  Segment part 7.
           ENTRY                   ADDRESS         REF BY
           =====                   =======         ======
           usb_dev_desc            00000074        usb_get_descriptor (usb_standard_request)
    -------------------------------------------------------------------------
NEAR_F
  Relative segment, address: CODE 00000086 - 000000AE (0x29 bytes), align: 0
  Segment part 8.
           ENTRY                   ADDRESS         REF BY
           =====                   =======         ======
           usb_conf_desc           00000086        hid_get_hid_descriptor (usb_specific_request)
                                                   usb_get_descriptor (usb_standard_request)
    -------------------------------------------------------------------------
NEAR_F
  Relative segment, address: CODE 000000AF - 000000BA (0xc bytes), align: 0
  Segment part 9.
           ENTRY                   ADDRESS         REF BY
           =====                   =======         ======
           usb_user_manufacturer_string_descriptor
                                   000000AF        usb_user_get_descriptor (usb_specific_request)
    -------------------------------------------------------------------------
NEAR_F
  Relative segment, address: CODE 000000BB - 000000DC (0x22 bytes), align: 0
  Segment part 10.
           ENTRY                   ADDRESS         REF BY
           =====                   =======         ======
           usb_user_product_string_descriptor
                                   000000BB        usb_user_get_descriptor (usb_specific_request)
    -------------------------------------------------------------------------
NEAR_F
  Relative segment, address: CODE 000000DD - 000000E0 (0x4 bytes), align: 0
  Segment part 11.
           ENTRY                   ADDRESS         REF BY
           =====                   =======         ======
           usb_user_language_id    000000DD        usb_user_get_descriptor (usb_specific_request)
    -------------------------------------------------------------------------
NEAR_F
  Relative segment, address: CODE 000000E1 - 00000115 (0x35 bytes), align: 0
  Segment part 12.
           ENTRY                   ADDRESS         REF BY
           =====                   =======         ======
           usb_hid_report_descriptor
                                   000000E1        hid_get_report_descriptor (usb_specific_request)
    -------------------------------------------------------------------------
ABSOLUTE
  Segment part 1. TENTATIVE. Used definition from hid_task
           ENTRY                   ADDRESS         REF BY
           =====                   =======         ======
           __?EECR                 
    -------------------------------------------------------------------------
ABSOLUTE
  Segment part 2. TENTATIVE. Used definition from hid_task
           ENTRY                   ADDRESS         REF BY
           =====                   =======         ======
           __?EEDR                 
    -------------------------------------------------------------------------
                              - Cross-reference -                      Page   19

ABSOLUTE
  Segment part 3. TENTATIVE. Used definition from hid_task
           ENTRY                   ADDRESS         REF BY
           =====                   =======         ======
           __?EEARL                
    -------------------------------------------------------------------------
ABSOLUTE
  Segment part 4. TENTATIVE. Used definition from hid_task
           ENTRY                   ADDRESS         REF BY
           =====                   =======         ======
           __?EEARH                
    -------------------------------------------------------------------------
CSTACK
  Segment part 5. NOT NEEDED.
    -------------------------------------------------------------------------
RSTACK
  Segment part 6. NOT NEEDED.

    *************************************************************************

  FILE NAME : C:\STK526-series2-0\demo\STK526-series2-hidio\iar\Debug\Obj\usb_device_task.r90
  PROGRAM MODULE, NAME : usb_device_task

  SEGMENTS IN THE MODULE
  ======================
ABSOLUTE
  Relative segment, address: DATA 000000EA - 000000EA (0x1 bytes), align: 0
  Segment part 1. ROOT.       Intra module refs:   ?Subroutine2 (usb_specific_request)
                                                   usb_clear_feature (usb_standard_request)
                                                   usb_device_task
                                                   usb_user_interface_reset (usb_specific_request)
           ENTRY                   ADDRESS         REF BY
           =====                   =======         ======
           _A_UERST                000000EA 
           LOCAL                   ADDRESS         
           =====                   =======         
           UERST                   000000EA 
    -------------------------------------------------------------------------
ABSOLUTE
  Segment part 2. TENTATIVE. Used definition from hid_task
           ENTRY                   ADDRESS         REF BY
           =====                   =======         ======
           _A_UENUM                
           LOCAL                   ADDRESS         
           =====                   =======         
           UENUM                   000000E9 
    -------------------------------------------------------------------------
ABSOLUTE
  Segment part 3. TENTATIVE. Used definition from hid_task
           ENTRY                   ADDRESS         REF BY
           =====                   =======         ======
           _A_UEINTX               
           LOCAL                   ADDRESS         
           =====                   =======         
           UEINTX                  000000E8 
    -------------------------------------------------------------------------
ABSOLUTE
  Relative segment, address: DATA 000000E2 - 000000E2 (0x1 bytes), align: 0
  Segment part 4. ROOT.       Intra module refs:   ?Subroutine4 (usb_task)
                                                   usb_general_interrupt (usb_task)
                                                   usb_start_device
           ENTRY                   ADDRESS         REF BY
           =====                   =======         ======
           _A_UDIEN                000000E2 
           LOCAL                   ADDRESS         
           =====                   =======         
           UDIEN                   000000E2 
    -------------------------------------------------------------------------
ABSOLUTE
  Segment part 5. TENTATIVE. Used definition from hid_task
           ENTRY                   ADDRESS         REF BY
           =====                   =======         ======
           _A_UDCON                
           LOCAL                   ADDRESS         
           =====                   =======         
           UDCON                   000000E0 
    -------------------------------------------------------------------------
                              - Cross-reference -                      Page   20

ABSOLUTE
  Relative segment, address: DATA 000000D8 - 000000D8 (0x1 bytes), align: 0
  Segment part 6. ROOT.       Intra module refs:   usb_device_task_init
                                                   usb_general_interrupt (usb_task)
                                                   usb_start_device
           ENTRY                   ADDRESS         REF BY
           =====                   =======         ======
           _A_USBCON               000000D8 
           LOCAL                   ADDRESS         
           =====                   =======         
           USBCON                  000000D8 
    -------------------------------------------------------------------------
ABSOLUTE
  Relative segment, address: DATA 00000049 - 00000049 (0x1 bytes), align: 0
  Segment part 7. ROOT.       Intra module refs:   usb_general_interrupt (usb_task)
                                                   usb_start_device
           ENTRY                   ADDRESS         REF BY
           =====                   =======         ======
           _A_PLLCSR               00000049 
           LOCAL                   ADDRESS         
           =====                   =======         
           PLLCSR                  00000049 
    -------------------------------------------------------------------------
NEAR_Z
  Relative segment, address: DATA 0000010E - 0000010E (0x1 bytes), align: 0
  Segment part 14.            Intra module refs:   usb_device_task
           ENTRY                   ADDRESS         REF BY
           =====                   =======         ======
           usb_connected           0000010E 
    -------------------------------------------------------------------------
NEAR_Z
  Relative segment, address: DATA 0000010F - 0000010F (0x1 bytes), align: 0
  Segment part 16.
           ENTRY                   ADDRESS         REF BY
           =====                   =======         ======
           usb_suspended           0000010F        usb_general_interrupt (usb_task)
    -------------------------------------------------------------------------
CODE
  Relative segment, address: CODE 00000416 - 0000041F (0xa bytes), align: 1
  Segment part 17.
           ENTRY                   ADDRESS         REF BY
           =====                   =======         ======
           usb_device_task_init    00000416        usb_task_init (usb_task)
               RSTACK = 00000000 ( 00000002 )
    -------------------------------------------------------------------------
CODE
  Relative segment, address: CODE 00000420 - 00000425 (0x6 bytes), align: 1
  Segment part 18.            Intra module refs:   usb_device_task_init
                                                   usb_start_device
           LOCAL                   ADDRESS         
           =====                   =======         
           ?Subroutine1            00000420 
    -------------------------------------------------------------------------
CODE
  Relative segment, address: CODE 00000426 - 0000046D (0x48 bytes), align: 1
  Segment part 19.            Intra module refs:   usb_device_task
           ENTRY                   ADDRESS         REF BY
           =====                   =======         ======
           usb_start_device        00000426 
               calls direct
               RSTACK = 00000000 ( 00000002 )
    -------------------------------------------------------------------------
CODE
  Relative segment, address: CODE 0000046E - 00000473 (0x6 bytes), align: 1
  Segment part 20.            Intra module refs:   usb_device_task_init
                                                   usb_start_device
[...]
CODE
  Relative segment, address: CODE 00000D6E - 00000D71 (0x4 bytes), align: 1
  Segment part 7.             Intra module refs:   Segment part 5
           ENTRY                   ADDRESS         REF BY
           =====                   =======         ======
           ?call_low_level_init    00000D6E 
    -------------------------------------------------------------------------
CODE
  Relative segment, address: CODE 00000D72 - 00000D79 (0x8 bytes), align: 1
  Segment part 8.
           ENTRY                   ADDRESS         REF BY
           =====                   =======         ======
           ?need_segment_init      00000D72        ?<Segment init: NEAR_I> (nRF24L01)
                                                   ?<Segment init: NEAR_Z> (hid_task)
    -------------------------------------------------------------------------
CODE
  Relative segment, address: CODE 00000D7A - 00000D85 (0xc bytes), align: 1
  Segment part 9.             Intra module refs:   ?call_low_level_init
           ENTRY                   ADDRESS         REF BY
           =====                   =======         ======
           ?cstartup_call_main     00000D7A 

    -------------------------------------------------------------------------
  LIBRARY MODULE, NAME : ?S_SHL_L02

  SEGMENTS IN THE MODULE
  ======================
CODE
  Relative segment, address: CODE 00000D86 - 00000D91 (0xc bytes), align: 1
  Segment part 0.
           ENTRY                   ADDRESS         REF BY
           =====                   =======         ======
           ?S_SHL_L02              00000D86        usb_clear_feature (usb_standard_request)

    -------------------------------------------------------------------------
  LIBRARY MODULE, NAME : ?PROLOGUE_L09

  SEGMENTS IN THE MODULE
  ======================
CODE
  Segment part 0. NOT NEEDED.
           ENTRY                   ADDRESS         REF BY
           =====                   =======         ======
           ?PROLOGUE16_L09         
    -------------------------------------------------------------------------
CODE
  Segment part 1. NOT NEEDED.
           ENTRY                   ADDRESS         REF BY
           =====                   =======         ======
           ?PROLOGUE15_L09         
    -------------------------------------------------------------------------
CODE
  Segment part 2. NOT NEEDED.
           ENTRY                   ADDRESS         REF BY
           =====                   =======         ======
           ?PROLOGUE14_L09         
    -------------------------------------------------------------------------
CODE
  Segment part 3. NOT NEEDED.
           ENTRY                   ADDRESS         REF BY
           =====                   =======         ======
           ?PROLOGUE13_L09         
    -------------------------------------------------------------------------
CODE
  Segment part 4. NOT NEEDED.
           ENTRY                   ADDRESS         REF BY
           =====                   =======         ======
           ?PROLOGUE12_L09         
    -------------------------------------------------------------------------
CODE
  Segment part 5. NOT NEEDED.
           ENTRY                   ADDRESS         REF BY
           =====                   =======         ======
           ?PROLOGUE11_L09         
    -------------------------------------------------------------------------
                              - Cross-reference -                      Page   41

CODE
  Segment part 6. NOT NEEDED.
           ENTRY                   ADDRESS         REF BY
           =====                   =======         ======
           ?PROLOGUE10_L09         
    -------------------------------------------------------------------------
CODE
  Segment part 7. NOT NEEDED.
           ENTRY                   ADDRESS         REF BY
           =====                   =======         ======
           ?PROLOGUE9_L09          
    -------------------------------------------------------------------------
CODE
  Segment part 8. NOT NEEDED.
           ENTRY                   ADDRESS         REF BY
           =====                   =======         ======
           ?PROLOGUE8_L09          
    -------------------------------------------------------------------------
CODE
  Segment part 9. NOT NEEDED.
           ENTRY                   ADDRESS         REF BY
           =====                   =======         ======
           ?PROLOGUE7_L09          
    -------------------------------------------------------------------------
CODE
  Segment part 10. NOT NEEDED.
           ENTRY                   ADDRESS         REF BY
           =====                   =======         ======
           ?PROLOGUE6_L09          
    -------------------------------------------------------------------------
CODE
  Segment part 11. NOT NEEDED.
           ENTRY                   ADDRESS         REF BY
           =====                   =======         ======
           ?PROLOGUE5_L09          
    -------------------------------------------------------------------------
CODE
  Relative segment, address: CODE 00000D92 - 00000D93 (0x2 bytes), align: 1
  Segment part 12.
           ENTRY                   ADDRESS         REF BY
           =====                   =======         ======
           ?PROLOGUE4_L09          00000D92        ?Subroutine1 (usb_specific_request)
                                                   usb_get_descriptor (usb_standard_request)
    -------------------------------------------------------------------------
CODE
  Relative segment, address: CODE 00000D94 - 00000D95 (0x2 bytes), align: 1
  Segment part 13.            Intra module refs:   ?PROLOGUE4_L09
           ENTRY                   ADDRESS         REF BY
           =====                   =======         ======
           ?PROLOGUE3_L09          00000D94        ?Subroutine4 (nRF24L01)
    -------------------------------------------------------------------------
CODE
  Relative segment, address: CODE 00000D96 - 00000D97 (0x2 bytes), align: 1
  Segment part 14.            Intra module refs:   ?PROLOGUE3_L09
           ENTRY                   ADDRESS         REF BY
           =====                   =======         ======
           ?PROLOGUE2_L09          00000D96 
    -------------------------------------------------------------------------
CODE
  Relative segment, address: CODE 00000D98 - 00000D99 (0x2 bytes), align: 1
  Segment part 15.            Intra module refs:   ?PROLOGUE2_L09
           ENTRY                   ADDRESS         REF BY
           =====                   =======         ======
           ?PROLOGUE1_L09          00000D98 
    -------------------------------------------------------------------------
CODE
  Relative segment, address: CODE 00000D9A - 00000D9B (0x2 bytes), align: 1
  Segment part 16.            Intra module refs:   ?PROLOGUE1_L09

    -------------------------------------------------------------------------
  LIBRARY MODULE, NAME : ?EPILOGUE_B_L09

  SEGMENTS IN THE MODULE
  ======================
CODE
  Segment part 0. NOT NEEDED.
           ENTRY                   ADDRESS         REF BY
           =====                   =======         ======
                              - Cross-reference -                      Page   42

           ?EPILOGUE_B16_L09       
    -------------------------------------------------------------------------
CODE
  Segment part 1. NOT NEEDED.
           ENTRY                   ADDRESS         REF BY
           =====                   =======         ======
           ?EPILOGUE_B15_L09       
    -------------------------------------------------------------------------
CODE
  Segment part 2. NOT NEEDED.
           ENTRY                   ADDRESS         REF BY
           =====                   =======         ======
           ?EPILOGUE_B14_L09       
    -------------------------------------------------------------------------
CODE
  Segment part 3. NOT NEEDED.
           ENTRY                   ADDRESS         REF BY
           =====                   =======         ======
           ?EPILOGUE_B13_L09       
    -------------------------------------------------------------------------
CODE
  Segment part 4. NOT NEEDED.
           ENTRY                   ADDRESS         REF BY
           =====                   =======         ======
           ?EPILOGUE_B12_L09       
    -------------------------------------------------------------------------
CODE
  Segment part 5. NOT NEEDED.
           ENTRY                   ADDRESS         REF BY
           =====                   =======         ======
           ?EPILOGUE_B11_L09       
    -------------------------------------------------------------------------
CODE
  Segment part 6. NOT NEEDED.
           ENTRY                   ADDRESS         REF BY
           =====                   =======         ======
           ?EPILOGUE_B10_L09       
    -------------------------------------------------------------------------
CODE
  Segment part 7. NOT NEEDED.
           ENTRY                   ADDRESS         REF BY
           =====                   =======         ======
           ?EPILOGUE_B9_L09        
    -------------------------------------------------------------------------
CODE
  Segment part 8. NOT NEEDED.
           ENTRY                   ADDRESS         REF BY
           =====                   =======         ======
           ?EPILOGUE_B8_L09        
    -------------------------------------------------------------------------
CODE
  Segment part 9. NOT NEEDED.
           ENTRY                   ADDRESS         REF BY
           =====                   =======         ======
           ?EPILOGUE_B7_L09        
    -------------------------------------------------------------------------
CODE
  Segment part 10. NOT NEEDED.
           ENTRY                   ADDRESS         REF BY
           =====                   =======         ======
           ?EPILOGUE_B6_L09        
    -------------------------------------------------------------------------
CODE
  Segment part 11. NOT NEEDED.
           ENTRY                   ADDRESS         REF BY
           =====                   =======         ======
           ?EPILOGUE_B5_L09        
    -------------------------------------------------------------------------
CODE
  Relative segment, address: CODE 00000D9C - 00000D9D (0x2 bytes), align: 1
  Segment part 12.
           ENTRY                   ADDRESS         REF BY
           =====                   =======         ======
           ?EPILOGUE_B4_L09        00000D9C        ?Subroutine20 (usb_specific_request)
                                                   usb_get_descriptor (usb_standard_request)
    -------------------------------------------------------------------------
CODE
  Relative segment, address: CODE 00000D9E - 00000D9F (0x2 bytes), align: 1
                              - Cross-reference -                      Page   43

  Segment part 13.            Intra module refs:   ?EPILOGUE_B4_L09
           ENTRY                   ADDRESS         REF BY
           =====                   =======         ======
           ?EPILOGUE_B3_L09        00000D9E        ?Subroutine8 (nRF24L01)
    -------------------------------------------------------------------------
CODE
  Relative segment, address: CODE 00000DA0 - 00000DA1 (0x2 bytes), align: 1
  Segment part 14.            Intra module refs:   ?EPILOGUE_B3_L09
           ENTRY                   ADDRESS         REF BY
           =====                   =======         ======
           ?EPILOGUE_B2_L09        00000DA0 
    -------------------------------------------------------------------------
CODE
  Relative segment, address: CODE 00000DA2 - 00000DA3 (0x2 bytes), align: 1
  Segment part 15.            Intra module refs:   ?EPILOGUE_B2_L09
           ENTRY                   ADDRESS         REF BY
           =====                   =======         ======
           ?EPILOGUE_B1_L09        00000DA2 
    -------------------------------------------------------------------------
CODE
  Relative segment, address: CODE 00000DA4 - 00000DAD (0xa bytes), align: 1
  Segment part 16.            Intra module refs:   ?EPILOGUE_B1_L09
           ENTRY                   ADDRESS         REF BY
           =====                   =======         ======
           ?EPILOGUE_B0_L09        00000DA4 

    -------------------------------------------------------------------------
  LIBRARY MODULE, NAME : ?segment_init

  SEGMENTS IN THE MODULE
  ======================
CODE
  Relative segment, address: CODE 00000DAE - 00000DB5 (0x8 bytes), align: 1
  Segment part 3.             Intra module refs:   __segment_init
           LOCAL                   ADDRESS         
           =====                   =======         
           __memclr                00000DAE 
               RSTACK = 00000000 ( 00000002 )
    -------------------------------------------------------------------------
CODE
  Relative segment, address: CODE 00000DB6 - 00000DBD (0x8 bytes), align: 1
  Segment part 4.             Intra module refs:   __segment_init
           LOCAL                   ADDRESS         
           =====                   =======         
           __flashcpy              00000DB6 
               RSTACK = 00000000 ( 00000002 )
    -------------------------------------------------------------------------
CODE
  Relative segment, address: CODE 00000DBE - 00000DC9 (0xc bytes), align: 1
  Segment part 5.             Intra module refs:   __flashcpy
                                                   __memclr
    -------------------------------------------------------------------------
CODE
  Relative segment, address: CODE 00000DCA - 00000DFD (0x34 bytes), align: 1
  Segment part 6.
           ENTRY                   ADDRESS         REF BY
           =====                   =======         ======
           __segment_init          00000DCA        ?need_segment_init (?C_STARTUP)
               calls direct
               RSTACK = 00000000 ( 00000002 )
    -------------------------------------------------------------------------
CSTACK
  Segment part 1. NOT NEEDED.
    -------------------------------------------------------------------------
RSTACK
  Segment part 2. NOT NEEDED.
    -------------------------------------------------------------------------
INITTAB
  Segment part 7. NOT NEEDED.

    *************************************************************************

  DEFINED ABSOLUTE ENTRIES
  PROGRAM MODULE, NAME : ?FILLER_BYTES

  SEGMENTS IN THE MODULE
  ======================
                              - Cross-reference -                      Page   44

INTVEC
  Common segment, address: CODE 00000000 - 0000002F (0x30 bytes), align: 0
  Segment part 1.
    -------------------------------------------------------------------------
?FILL1
  Relative segment, address: CODE 00000030 - 00000073 (0x44 bytes), align: 0
  Segment part 0.




                ****************************************
                *                                      *
                *            MODULE SUMMARY            *
                *                                      *
                ****************************************

Module                 CODE      DATA
------                 ----      ----
                      (Rel)  (Rel)  (Abs)
?C_STARTUP               36
?EPILOGUE_B_L09          18
?FILLER_BYTES            68
  + common               48
?PROLOGUE_L09            10
?RESET
  + common                4
?S_SHL_L02               12
?__exit                   6
?segment_init            80
hid_task                150      1
  + shared                6             3
main                     42             1
nRF24L01                338      7      3
  + shared                6             4
  + common               44
power_drv                24             4
  + shared                              1
scheduler                20
spi_driver              112             1
  + shared                              1
start_boot               78      2      4
usb_descriptors         162
usb_device_task         168      2
  + shared                              4
usb_drv                  82             4
  + shared                              1
usb_specific_request    646      2
usb_standard_request    914     12      1
usb_task                482      4      2
  + common               48
wdt_drv                  82             2
N/A (command line)             320
N/A (alignment)
----------            -----    ---     --
Total:                3 542    350     36
  + common               48


                ****************************************
                *                                      *
                *      SEGMENTS IN ADDRESS ORDER       *
                *                                      *
                ****************************************


SEGMENT              SPACE    START ADDRESS   END ADDRESS     SIZE  TYPE  ALIGN
=======              =====    =============   ===========     ====  ====  =====
INTVEC               CODE          00000000 - 0000002F          30   com    1
?FILL1               CODE          00000030 - 00000073          44   rel    0
NEAR_F               CODE          00000074 - 00000115          A2   rel    0
SWITCH               CODE               00000116                     dse    0
INITTAB              CODE          00000116 - 00000121           C   rel    0
CODE                 CODE          00000122 - 00000DFD         CDC   rel    1
TINY_ID              CODE               00000DFE                     dse    0
NEAR_ID              CODE          00000DFE - 00000E05           8   rel    0
ABSOLUTE             DATA               0000001F                     rel    0
                     DATA               00000020                   
                     DATA               00000021                   
                     DATA               00000022                   
                     DATA          00000024 - 00000025           2 
                     DATA          00000027 - 00000027           1 
                     DATA          00000049 - 00000049           1 
                     DATA          0000004C - 0000004E           3 
                     DATA          00000053 - 00000054           2 
                     DATA          0000005F - 00000061           3 
                     DATA          00000063 - 00000063           1 
                     DATA          00000068 - 00000068           1 
                     DATA          0000006C - 0000006C           1 
                     DATA          000000D0 - 000000D0           1 
                     DATA          000000D2 - 000000D2           1 
                     DATA          000000D8 - 000000D8           1 
                     DATA          000000E0 - 000000E3           4 
                     DATA          000000E8 - 000000EE           7 
                     DATA          000000F1 - 000000F1           1 
                     DATA          000000F4 - 000000F4           1 
                     DATA          000000FB - 000000FB           1 
                     DATA          00000100 - 00000103           4 
NEAR_I               DATA          00000104 - 0000010B           8   rel    0
NEAR_Z               DATA          0000010C - 00000121          16   rel    0
RSTACK               DATA          00000122 - 00000161          40   dse    0
CSTACK               DATA          00000162 - 00000261         100   dse    0

                ****************************************
                *                                      *
                *        END OF CROSS REFERENCE        *
                *                                      *
                ****************************************

 3 522 bytes of CODE memory (+             68 range fill )
   350 bytes of DATA memory (+ 36 absolute )

Errors: none
Warnings: none

